[2026-07-14 18:09:37] local.ERROR: Please set all Payku keys in your .env file {"exception":"[object] (SebaCarrasco93\\LaravelPayku\\Exceptions\\MissingEnvKeys(code: 0): Please set all Payku keys in your .env file at /www/wwwroot/ecom.nur-lab.com/vendor/sebacarrasco93/laravel-payku/src/LaravelPayku.php:87)
[stacktrace]
#0 /www/wwwroot/ecom.nur-lab.com/vendor/sebacarrasco93/laravel-payku/src/LaravelPayku.php(48): SebaCarrasco93\\LaravelPayku\\LaravelPayku->hasValidConfig()
#1 /www/wwwroot/ecom.nur-lab.com/vendor/sebacarrasco93/laravel-payku/src/LaravelPaykuServiceProvider.php(31): SebaCarrasco93\\LaravelPayku\\LaravelPayku->__construct()
#2 /www/wwwroot/ecom.nur-lab.com/vendor/laravel/framework/src/Illuminate/Container/Container.php(908): SebaCarrasco93\\LaravelPayku\\LaravelPaykuServiceProvider->SebaCarrasco93\\LaravelPayku\\{closure}()
#3 /www/wwwroot/ecom.nur-lab.com/vendor/laravel/framework/src/Illuminate/Container/Container.php(795): Illuminate\\Container\\Container->build()
#4 /www/wwwroot/ecom.nur-lab.com/vendor/laravel/framework/src/Illuminate/Foundation/Application.php(963): Illuminate\\Container\\Container->resolve()
#5 /www/wwwroot/ecom.nur-lab.com/vendor/laravel/framework/src/Illuminate/Container/Container.php(731): Illuminate\\Foundation\\Application->resolve()
#6 /www/wwwroot/ecom.nur-lab.com/vendor/laravel/framework/src/Illuminate/Foundation/Application.php(948): Illuminate\\Container\\Container->make()
#7 /www/wwwroot/ecom.nur-lab.com/vendor/laravel/framework/src/Illuminate/Container/Container.php(1454): Illuminate\\Foundation\\Application->make()
#8 /www/wwwroot/ecom.nur-lab.com/vendor/laravel/framework/src/Illuminate/Support/Facades/Facade.php(237): Illuminate\\Container\\Container->offsetGet()
#9 /www/wwwroot/ecom.nur-lab.com/vendor/laravel/framework/src/Illuminate/Support/Facades/Facade.php(208): Illuminate\\Support\\Facades\\Facade::resolveFacadeInstance()
#10 /www/wwwroot/ecom.nur-lab.com/vendor/laravel/framework/src/Illuminate/Support/Facades/Facade.php(349): Illuminate\\Support\\Facades\\Facade::getFacadeRoot()
#11 /www/wwwroot/ecom.nur-lab.com/vendor/sebacarrasco93/laravel-payku/src/Http/Controllers/PaykuController.php(33): Illuminate\\Support\\Facades\\Facade::__callStatic()
#12 /www/wwwroot/ecom.nur-lab.com/vendor/laravel/framework/src/Illuminate/Routing/ControllerDispatcher.php(46): SebaCarrasco93\\LaravelPayku\\Http\\Controllers\\PaykuController->notify()
#13 /www/wwwroot/ecom.nur-lab.com/vendor/laravel/framework/src/Illuminate/Routing/Route.php(259): Illuminate\\Routing\\ControllerDispatcher->dispatch()
#14 /www/wwwroot/ecom.nur-lab.com/vendor/laravel/framework/src/Illuminate/Routing/Route.php(205): Illuminate\\Routing\\Route->runController()
#15 /www/wwwroot/ecom.nur-lab.com/vendor/laravel/framework/src/Illuminate/Routing/Router.php(806): Illuminate\\Routing\\Route->run()
#16 /www/wwwroot/ecom.nur-lab.com/vendor/laravel/framework/src/Illuminate/Pipeline/Pipeline.php(144): Illuminate\\Routing\\Router->Illuminate\\Routing\\{closure}()
#17 /www/wwwroot/ecom.nur-lab.com/vendor/laravel/framework/src/Illuminate/Pipeline/Pipeline.php(119): Illuminate\\Pipeline\\Pipeline->Illuminate\\Pipeline\\{closure}()
#18 /www/wwwroot/ecom.nur-lab.com/vendor/laravel/framework/src/Illuminate/Routing/Router.php(805): Illuminate\\Pipeline\\Pipeline->then()
#19 /www/wwwroot/ecom.nur-lab.com/vendor/laravel/framework/src/Illuminate/Routing/Router.php(784): Illuminate\\Routing\\Router->runRouteWithinStack()
#20 /www/wwwroot/ecom.nur-lab.com/vendor/laravel/framework/src/Illuminate/Routing/Router.php(748): Illuminate\\Routing\\Router->runRoute()
#21 /www/wwwroot/ecom.nur-lab.com/vendor/laravel/framework/src/Illuminate/Routing/Router.php(737): Illuminate\\Routing\\Router->dispatchToRoute()
#22 /www/wwwroot/ecom.nur-lab.com/vendor/laravel/framework/src/Illuminate/Foundation/Http/Kernel.php(200): Illuminate\\Routing\\Router->dispatch()
#23 /www/wwwroot/ecom.nur-lab.com/vendor/laravel/framework/src/Illuminate/Pipeline/Pipeline.php(144): Illuminate\\Foundation\\Http\\Kernel->Illuminate\\Foundation\\Http\\{closure}()
#24 /www/wwwroot/ecom.nur-lab.com/vendor/barryvdh/laravel-debugbar/src/Middleware/InjectDebugbar.php(59): Illuminate\\Pipeline\\Pipeline->Illuminate\\Pipeline\\{closure}()
#25 /www/wwwroot/ecom.nur-lab.com/vendor/laravel/framework/src/Illuminate/Pipeline/Pipeline.php(183): Barryvdh\\Debugbar\\Middleware\\InjectDebugbar->handle()
#26 /www/wwwroot/ecom.nur-lab.com/vendor/laravel/framework/src/Illuminate/View/Middleware/ShareErrorsFromSession.php(49): Illuminate\\Pipeline\\Pipeline->Illuminate\\Pipeline\\{closure}()
#27 /www/wwwroot/ecom.nur-lab.com/vendor/laravel/framework/src/Illuminate/Pipeline/Pipeline.php(183): Illuminate\\View\\Middleware\\ShareErrorsFromSession->handle()
#28 /www/wwwroot/ecom.nur-lab.com/vendor/laravel/framework/src/Illuminate/Session/Middleware/StartSession.php(121): Illuminate\\Pipeline\\Pipeline->Illuminate\\Pipeline\\{closure}()
#29 /www/wwwroot/ecom.nur-lab.com/vendor/laravel/framework/src/Illuminate/Session/Middleware/StartSession.php(64): Illuminate\\Session\\Middleware\\StartSession->handleStatefulRequest()
#30 /www/wwwroot/ecom.nur-lab.com/vendor/laravel/framework/src/Illuminate/Pipeline/Pipeline.php(183): Illuminate\\Session\\Middleware\\StartSession->handle()
#31 /www/wwwroot/ecom.nur-lab.com/vendor/laravel/framework/src/Illuminate/Http/Middleware/TrustProxies.php(39): Illuminate\\Pipeline\\Pipeline->Illuminate\\Pipeline\\{closure}()
#32 /www/wwwroot/ecom.nur-lab.com/vendor/laravel/framework/src/Illuminate/Pipeline/Pipeline.php(183): Illuminate\\Http\\Middleware\\TrustProxies->handle()
#33 /www/wwwroot/ecom.nur-lab.com/vendor/laravel/framework/src/Illuminate/Foundation/Http/Middleware/TransformsRequest.php(21): Illuminate\\Pipeline\\Pipeline->Illuminate\\Pipeline\\{closure}()
#34 /www/wwwroot/ecom.nur-lab.com/vendor/laravel/framework/src/Illuminate/Foundation/Http/Middleware/ConvertEmptyStringsToNull.php(31): Illuminate\\Foundation\\Http\\Middleware\\TransformsRequest->handle()
#35 /www/wwwroot/ecom.nur-lab.com/vendor/laravel/framework/src/Illuminate/Pipeline/Pipeline.php(183): Illuminate\\Foundation\\Http\\Middleware\\ConvertEmptyStringsToNull->handle()
#36 /www/wwwroot/ecom.nur-lab.com/vendor/laravel/framework/src/Illuminate/Foundation/Http/Middleware/TransformsRequest.php(21): Illuminate\\Pipeline\\Pipeline->Illuminate\\Pipeline\\{closure}()
#37 /www/wwwroot/ecom.nur-lab.com/vendor/laravel/framework/src/Illuminate/Foundation/Http/Middleware/TrimStrings.php(40): Illuminate\\Foundation\\Http\\Middleware\\TransformsRequest->handle()
#38 /www/wwwroot/ecom.nur-lab.com/vendor/laravel/framework/src/Illuminate/Pipeline/Pipeline.php(183): Illuminate\\Foundation\\Http\\Middleware\\TrimStrings->handle()
#39 /www/wwwroot/ecom.nur-lab.com/vendor/laravel/framework/src/Illuminate/Foundation/Http/Middleware/ValidatePostSize.php(27): Illuminate\\Pipeline\\Pipeline->Illuminate\\Pipeline\\{closure}()
#40 /www/wwwroot/ecom.nur-lab.com/vendor/laravel/framework/src/Illuminate/Pipeline/Pipeline.php(183): Illuminate\\Foundation\\Http\\Middleware\\ValidatePostSize->handle()
#41 /www/wwwroot/ecom.nur-lab.com/vendor/laravel/framework/src/Illuminate/Pipeline/Pipeline.php(119): Illuminate\\Pipeline\\Pipeline->Illuminate\\Pipeline\\{closure}()
#42 /www/wwwroot/ecom.nur-lab.com/vendor/laravel/framework/src/Illuminate/Foundation/Http/Kernel.php(175): Illuminate\\Pipeline\\Pipeline->then()
#43 /www/wwwroot/ecom.nur-lab.com/vendor/laravel/framework/src/Illuminate/Foundation/Http/Kernel.php(144): Illuminate\\Foundation\\Http\\Kernel->sendRequestThroughRouter()
#44 /www/wwwroot/ecom.nur-lab.com/index.php(56): Illuminate\\Foundation\\Http\\Kernel->handle()
#45 {main}
"} 
